
Circuit 1 cell sky130_fd_pr__pfet_01v8 and Circuit 2 cell sky130_fd_pr__pfet_01v8 are black boxes.
Warning: Equate pins:  cell sky130_fd_pr__pfet_01v8 is a placeholder, treated as a black box.
Warning: Equate pins:  cell sky130_fd_pr__pfet_01v8 is a placeholder, treated as a black box.

Subcircuit pins:
Circuit 1: sky130_fd_pr__pfet_01v8         |Circuit 2: sky130_fd_pr__pfet_01v8         
-------------------------------------------|-------------------------------------------
1                                          |1                                          
2                                          |2                                          
3                                          |3                                          
4                                          |4                                          
---------------------------------------------------------------------------------------
Cell pin lists are equivalent.
Device classes sky130_fd_pr__pfet_01v8 and sky130_fd_pr__pfet_01v8 are equivalent.
Flattening unmatched subcell sky130_fd_pr__pfet_01v8_E8WXEL in circuit power-fet (0)(1 instance)

Class power-fet (0):  Merged 1023 parallel devices.
Subcircuit summary:
Circuit 1: power-fet                       |Circuit 2: power-fet                       
-------------------------------------------|-------------------------------------------
sky130_fd_pr__pfet_01v8 (1024->1)          |sky130_fd_pr__pfet_01v8 (16->1)            
Number of devices: 1                       |Number of devices: 1                       
Number of nets: 3                          |Number of nets: 3                          
---------------------------------------------------------------------------------------
Netlists match uniquely.

Subcircuit pins:
Circuit 1: power-fet                       |Circuit 2: power-fet                       
-------------------------------------------|-------------------------------------------
A                                          |A                                          
B                                          |B                                          
VIN                                        |VIN                                        
---------------------------------------------------------------------------------------
Cell pin lists are equivalent.
Device classes power-fet and power-fet are equivalent.

Final result: Circuits match uniquely.
.
