
Circuit 1 cell sky130_fd_pr__res_xhigh_po_0p69 and Circuit 2 cell sky130_fd_pr__res_xhigh_po_0p69 are black boxes.
Warning: Equate pins:  cell sky130_fd_pr__res_xhigh_po_0p69 is a placeholder, treated as a black box.
Warning: Equate pins:  cell sky130_fd_pr__res_xhigh_po_0p69 is a placeholder, treated as a black box.

Subcircuit pins:
Circuit 1: sky130_fd_pr__res_xhigh_po_0p69 |Circuit 2: sky130_fd_pr__res_xhigh_po_0p69 
-------------------------------------------|-------------------------------------------
1                                          |1                                          
2                                          |2                                          
3                                          |3                                          
---------------------------------------------------------------------------------------
Cell pin lists are equivalent.
Device classes sky130_fd_pr__res_xhigh_po_0p69 and sky130_fd_pr__res_xhigh_po_0p69 are equivalent.

Circuit 1 cell sky130_fd_pr__nfet_01v8 and Circuit 2 cell sky130_fd_pr__nfet_01v8 are black boxes.
Warning: Equate pins:  cell sky130_fd_pr__nfet_01v8 is a placeholder, treated as a black box.
Warning: Equate pins:  cell sky130_fd_pr__nfet_01v8 is a placeholder, treated as a black box.

Subcircuit pins:
Circuit 1: sky130_fd_pr__nfet_01v8         |Circuit 2: sky130_fd_pr__nfet_01v8         
-------------------------------------------|-------------------------------------------
1                                          |1                                          
2                                          |2                                          
3                                          |3                                          
4                                          |4                                          
---------------------------------------------------------------------------------------
Cell pin lists are equivalent.
Device classes sky130_fd_pr__nfet_01v8 and sky130_fd_pr__nfet_01v8 are equivalent.
Flattening unmatched subcell sky130_fd_pr__res_xhigh_po_0p69_BG3BFW in circuit bias-network (0)(22 instances)
Flattening unmatched subcell sky130_fd_pr__nfet_01v8_JZ4Z3X in circuit bias-network (0)(3 instances)

Class bias-network (0):  Merged 22 parallel devices.
Class bias-network (0):  Merged 19 series devices.
Class bias-network (1):  Merged 1 parallel devices.
Class bias-network (1):  Merged 19 series devices.
Subcircuit summary:
Circuit 1: bias-network                    |Circuit 2: bias-network                    
-------------------------------------------|-------------------------------------------
sky130_fd_pr__res_xhigh_po_0p69 (22->2)    |sky130_fd_pr__res_xhigh_po_0p69 (22->2)    
sky130_fd_pr__nfet_01v8 (24->3)            |sky130_fd_pr__nfet_01v8 (6->3)             
Number of devices: 5                       |Number of devices: 5                       
Number of nets: 5                          |Number of nets: 5                          
---------------------------------------------------------------------------------------
Resolving symmetries by property value.
Resolving symmetries by pin name.
Netlists match uniquely.

Subcircuit pins:
Circuit 1: bias-network                    |Circuit 2: bias-network                    
-------------------------------------------|-------------------------------------------
VREF                                       |VREF                                       
IBIAS2                                     |IBIAS2                                     
IBIAS1                                     |IBIAS1                                     
VDD                                        |VDD                                        
VSS                                        |VSS                                        
---------------------------------------------------------------------------------------
Cell pin lists are equivalent.
Device classes bias-network and bias-network are equivalent.

Final result: Circuits match uniquely.
.
